Microchip MPLAB XC8 Compiler V3.10

Linker command line:

-W-3 \
  --edf=C:\Program Files\Microchip\xc8\v3.10\pic\dat\20250813170317_en.msgs \
  -cn -h+dist/default/production\uart.X.production.sym \
  --cmf=dist/default/production\uart.X.production.cmf -z -Q16F13145 \
  -oC:\Users\ESOURCE\AppData\Local\Temp\xcAsd54.0\driver_tmp_3.o \
  --defsym=__MPLAB_BUILD=1 --fixupoverflow=error \
  -Mdist/default/production/uart.X.production.map \
  --md=C:\Users\ESOURCE\AppData\Local\Temp\xcAsd54.0\driver_tmp_0.dat -E1 \
  -ver=XC8 Compiler -ACODE=00h-07FFhx4 -ASTRCODE=00h-01FFFh \
  -ASTRING=00h-0FFhx32 -ACONST=00h-0FFhx32 -AENTRY=00h-0FFhx32 \
  -ACOMMON=070h-07Fh -ABANK0=020h-06Fh -ABANK1=0A0h-0EFh \
  -ABANK2=0120h-016Fh -ABANK3=01A0h-01EFh -ABANK4=0220h-026Fh \
  -ABANK5=02A0h-02EFh -ABANK6=0320h-036Fh -ABANK7=03A0h-03EFh \
  -ABANK8=0420h-046Fh -ABANK9=04A0h-04EFh -ABANK10=0520h-056Fh \
  -ABANK11=05A0h-05EFh -ABANK12=0620h-064Fh -ABIGRAM=02000h-023EFh \
  -ARAM=020h-06Fh,0A0h-0EFh,0120h-016Fh,01A0h-01EFh,0220h-026Fh,02A0h-02EFh,0320h-036Fh,03A0h-03EFh,0420h-046Fh,04A0h-04EFh,0520h-056Fh,05A0h-05EFh,0620h-064Fh \
  -AABS1=020h-07Fh,0A0h-0EFh,0120h-016Fh,01A0h-01EFh,0220h-026Fh,02A0h-02EFh,0320h-036Fh,03A0h-03EFh,0420h-046Fh,04A0h-04EFh,0520h-056Fh,05A0h-05EFh,0620h-064Fh \
  -ASFR0=00h-01Fh -ASFR1=080h-09Fh -ASFR2=0100h-011Fh -ASFR3=0180h-019Fh \
  -ASFR4=0200h-021Fh -ASFR5=0280h-029Fh -ASFR6=0300h-031Fh \
  -ASFR7=0380h-039Fh -ASFR8=0400h-041Fh -ASFR9=0480h-049Fh \
  -ASFR10=0500h-051Fh -ASFR11=0580h-059Fh -ASFR12=0600h-061Fh \
  -ASFR13=0680h-06EFh -ASFR14=0700h-076Fh -ASFR15=0780h-07EFh \
  -ASFR16=0800h-086Fh -ASFR17=0880h-08EFh -ASFR18=0900h-096Fh \
  -ASFR19=0980h-09EFh -ASFR20=0A00h-0A6Fh -ASFR21=0A80h-0AEFh \
  -ASFR22=0B00h-0B6Fh -ASFR23=0B80h-0BEFh -ASFR24=0C00h-0C6Fh \
  -ASFR25=0C80h-0CEFh -ASFR26=0D00h-0D6Fh -ASFR27=0D80h-0DEFh \
  -ASFR28=0E00h-0E6Fh -ASFR29=0E80h-0EEFh -ASFR30=0F00h-0F6Fh \
  -ASFR31=0F80h-0FEFh -ASFR32=01000h-0106Fh -ASFR33=01080h-010EFh \
  -ASFR34=01100h-0116Fh -ASFR35=01180h-011EFh -ASFR36=01200h-0126Fh \
  -ASFR37=01280h-012EFh -ASFR38=01300h-0136Fh -ASFR39=01380h-013EFh \
  -ASFR40=01400h-0146Fh -ASFR41=01480h-014EFh -ASFR42=01500h-0156Fh \
  -ASFR43=01580h-015EFh -ASFR44=01600h-0166Fh -ASFR45=01680h-016EFh \
  -ASFR46=01700h-0176Fh -ASFR47=01780h-017EFh -ASFR48=01800h-0186Fh \
  -ASFR49=01880h-018EFh -ASFR50=01900h-0196Fh -ASFR51=01980h-019EFh \
  -ASFR52=01A00h-01A6Fh -ASFR53=01A80h-01AEFh -ASFR54=01B00h-01B6Fh \
  -ASFR55=01B80h-01BEFh -ASFR56=01C00h-01C6Fh -ASFR57=01C80h-01CEFh \
  -ASFR58=01D00h-01D6Fh -ASFR59=01D80h-01DEFh -ASFR60=01E00h-01E6Fh \
  -ASFR61=01E80h-01EEFh -ASFR62=01F00h-01F6Fh -ASFR63=01F80h-01FEFh \
  -ACONFIG=08007h-0800Bh -DCONFIG=2 -AIDLOC=08000h-08003h -DIDLOC=2 \
  -DCODE=2 -DSTRCODE=2 -DSTRING=2 -DCONST=2 -DENTRY=2 \
  -preset_vec=00h,intentry=04h,sivt,init,end_init -ppowerup=CODE \
  -pcinit=CODE -pfunctab=ENTRY -k \
  C:\Users\ESOURCE\AppData\Local\Temp\xcAsd54.0\driver_tmp_17.o \
  dist/default/production\uart.X.production.o 

Object code version is 3.11

Machine type is 16F13145



                Name                               Link     Load   Length Selector   Space Scale
C:\Users\ESOURCE\AppData\Local\Temp\xcAsd54.0\driver_tmp_17.o
                end_init                             18       18        2        8       0
                reset_vec                             0        0        2        0       0
                config                             8007     8007        5        0       4
dist/default/production\uart.X.production.o
                cinit                                1A       1A       18        8       0
                intentry                              4        4       14        8       0
                config                             8007     8007        5        0       4
                text23                              2B6      2B6        1      4CC       0
                text22                              24A      24A        F      2EE       0
                text21                              289      289        9      4CC       0
                text19                              292      292        8      4CC       0
                text18                              272      272        C      4CC       0
                text17                              266      266        C      4CC       0
                text16                              1B6      1B6       1C      2EE       0
                text15                              2AC      2AC        6      4CC       0
                text14                              27E      27E        B      4CC       0
                text13                              2A6      2A6        6      4CC       0
                text12                               D5       D5       40        8       0
                text11                              1FB      1FB       11      2EE       0
                text10                              21C      21C       10      2EE       0
                text9                               23B      23B        F      2EE       0
                text8                               2B2      2B2        4      4CC       0
                text7                               22C      22C        F      2EE       0
                text6                                32       32       5C        8       0
                text5                                8E       8E       47        8       0
                text4                               197      197       1F      2EE       0
                text3                               20C      20C       10      2EE       0
                text2                               1E7      1E7       14      2EE       0
                text1                               177      177       20      2EE       0
                maintext                            1D2      1D2       15      2EE       0
                cstackBANK0                          4D       4D       10       20       1
                cstackCOMMON                         70       70        E       70       1
                clrtext                             2A0      2A0        6      4CC       0
                inittext                            29A      29A        6      4CC       0
                dataBANK1                            A0       A0       32       A0       1
                bssBANK0                             20       20       2D       20       1
                stringtext2                         259      259        D      4B2       0
                nvBANK0                              5D       5D        4       20       1
                stringtext1                         147      147       30      28E       0
                idataBANK1                          115      115       32        8       0

TOTAL           Name                               Link     Load   Length     Space
        CLASS   CODE           
                end_init                             18       18        2         0
                cinit                                1A       1A       18         0
                intentry                              4        4       14         0
                reset_vec                             0        0        2         0
                text23                              2B6      2B6        1         0
                text22                              24A      24A        F         0
                text21                              289      289        9         0
                text19                              292      292        8         0
                text18                              272      272        C         0
                text17                              266      266        C         0
                text16                              1B6      1B6       1C         0
                text15                              2AC      2AC        6         0
                text14                              27E      27E        B         0
                text13                              2A6      2A6        6         0
                text12                               D5       D5       40         0
                text11                              1FB      1FB       11         0
                text10                              21C      21C       10         0
                text9                               23B      23B        F         0
                text8                               2B2      2B2        4         0
                text7                               22C      22C        F         0
                text6                                32       32       5C         0
                text5                                8E       8E       47         0
                text4                               197      197       1F         0
                text3                               20C      20C       10         0
                text2                               1E7      1E7       14         0
                text1                               177      177       20         0
                maintext                            1D2      1D2       15         0
                clrtext                             2A0      2A0        6         0
                inittext                            29A      29A        6         0
                idataBANK1                          115      115       32         0

        CLASS   STRCODE        
                stringtext2                         259      259        D         0
                stringtext1                         147      147       30         0

        CLASS   STRING         

        CLASS   CONST          

        CLASS   ENTRY          

        CLASS   COMMON         
                cstackCOMMON                         70       70        E         1

        CLASS   BANK0          
                cstackBANK0                          4D       4D       10         1
                bssBANK0                             20       20       2D         1
                nvBANK0                              5D       5D        4         1

        CLASS   BANK1          
                dataBANK1                            A0       A0       32         1

        CLASS   BANK2          

        CLASS   BANK3          

        CLASS   BANK4          

        CLASS   BANK5          

        CLASS   BANK6          

        CLASS   BANK7          

        CLASS   BANK8          

        CLASS   BANK9          

        CLASS   BANK10         

        CLASS   BANK11         

        CLASS   BANK12         

        CLASS   BIGRAM         

        CLASS   RAM            

        CLASS   ABS1           
                abs_s1                               7E       7E        2         1

        CLASS   SFR0           

        CLASS   SFR1           

        CLASS   SFR2           

        CLASS   SFR3           

        CLASS   SFR4           

        CLASS   SFR5           

        CLASS   SFR6           

        CLASS   SFR7           

        CLASS   SFR8           

        CLASS   SFR9           

        CLASS   SFR10          

        CLASS   SFR11          

        CLASS   SFR12          

        CLASS   SFR13          

        CLASS   SFR14          

        CLASS   SFR15          

        CLASS   SFR16          

        CLASS   SFR17          

        CLASS   SFR18          

        CLASS   SFR19          

        CLASS   SFR20          

        CLASS   SFR21          

        CLASS   SFR22          

        CLASS   SFR23          

        CLASS   SFR24          

        CLASS   SFR25          

        CLASS   SFR26          

        CLASS   SFR27          

        CLASS   SFR28          

        CLASS   SFR29          

        CLASS   SFR30          

        CLASS   SFR31          

        CLASS   SFR32          

        CLASS   SFR33          

        CLASS   SFR34          

        CLASS   SFR35          

        CLASS   SFR36          

        CLASS   SFR37          

        CLASS   SFR38          

        CLASS   SFR39          

        CLASS   SFR40          

        CLASS   SFR41          

        CLASS   SFR42          

        CLASS   SFR43          

        CLASS   SFR44          

        CLASS   SFR45          

        CLASS   SFR46          

        CLASS   SFR47          

        CLASS   SFR48          

        CLASS   SFR49          

        CLASS   SFR50          

        CLASS   SFR51          

        CLASS   SFR52          

        CLASS   SFR53          

        CLASS   SFR54          

        CLASS   SFR55          

        CLASS   SFR56          

        CLASS   SFR57          

        CLASS   SFR58          

        CLASS   SFR59          

        CLASS   SFR60          

        CLASS   SFR61          

        CLASS   SFR62          

        CLASS   SFR63          

        CLASS   CONFIG         
                config                             8007     8007        5         4

        CLASS   IDLOC          

        CLASS   BANK63         

        CLASS   BANK62         

        CLASS   BANK61         

        CLASS   BANK60         

        CLASS   BANK59         

        CLASS   BANK58         

        CLASS   BANK57         

        CLASS   BANK56         

        CLASS   BANK55         

        CLASS   BANK54         

        CLASS   BANK53         

        CLASS   BANK52         

        CLASS   BANK51         

        CLASS   BANK50         

        CLASS   BANK49         

        CLASS   BANK48         

        CLASS   BANK47         

        CLASS   BANK46         

        CLASS   BANK45         

        CLASS   BANK44         

        CLASS   BANK43         

        CLASS   BANK42         

        CLASS   BANK41         

        CLASS   BANK40         

        CLASS   BANK39         

        CLASS   BANK38         

        CLASS   BANK37         

        CLASS   BANK36         

        CLASS   BANK35         

        CLASS   BANK34         

        CLASS   BANK33         

        CLASS   BANK32         

        CLASS   BANK31         

        CLASS   BANK30         

        CLASS   BANK29         

        CLASS   BANK28         

        CLASS   BANK27         

        CLASS   BANK26         

        CLASS   BANK25         

        CLASS   BANK24         

        CLASS   BANK23         

        CLASS   BANK22         

        CLASS   BANK21         

        CLASS   BANK20         

        CLASS   BANK19         

        CLASS   BANK18         

        CLASS   BANK17         

        CLASS   BANK16         

        CLASS   BANK15         

        CLASS   BANK14         

        CLASS   BANK13         

        CLASS   HEAP           

        CLASS   STACK          

        CLASS   EEDATA         



SEGMENTS        Name                           Load    Length   Top    Selector   Space  Class     Delta

                reset_vec                      000000  000002  000002         0       0  CODE        2
                intentry                       000004  000143  000147         8       0  CODE        2
                bssBANK0                       000020  000041  000061        20       1  BANK0       1
                cstackCOMMON                   000070  00000E  00007E        70       1  COMMON      1
                dataBANK1                      0000A0  000032  0000D2        A0       1  BANK1       1
                stringtext1                    000147  000030  000177       28E       0  STRCODE     2
                text1                          000177  0000E2  000259       2EE       0  CODE        2
                stringtext2                    000259  00000D  000266       4B2       0  STRCODE     2
                text17                         000266  000051  0002B7       4CC       0  CODE        2


UNUSED ADDRESS RANGES

        Name                Unused          Largest block    Delta
        BANK0            00061-0006F               F           1
        BANK1            000D2-000EF              1E           1
        BANK10           00520-0056F              50           1
        BANK11           005A0-005EF              50           1
        BANK12           00620-0064F              30           1
        BANK2            00120-0016F              50           1
        BANK3            001A0-001EF              50           1
        BANK4            00220-0026F              50           1
        BANK5            002A0-002EF              50           1
        BANK6            00320-0036F              50           1
        BANK7            003A0-003EF              50           1
        BANK8            00420-0046F              50           1
        BANK9            004A0-004EF              50           1
        BIGRAM           02000-023EF             3F0           1
        CODE             00002-00003               2           2
                         002B7-01FFF             800
        CONST            00002-00003               2           2
                         002B7-01FFF             100
        ENTRY            00002-00003               2           2
                         002B7-01FFF             100
        IDLOC            08000-08003               4           2
        RAM              00061-0006F               F           1
                         000D2-000EF              1E
                         00120-0016F              50
                         001A0-001EF              50
                         00220-0026F              50
                         002A0-002EF              50
                         00320-0036F              50
                         003A0-003EF              50
                         00420-0046F              50
                         004A0-004EF              50
                         00520-0056F              50
                         005A0-005EF              50
                         00620-0064F              30
        SFR0             00000-0001F              20           1
        SFR1             00080-0009F              20           1
        SFR10            00500-0051F              20           1
        SFR11            00580-0059F              20           1
        SFR12            00600-0061F              20           1
        SFR13            00680-006EF              70           1
        SFR14            00700-0076F              70           1
        SFR15            00780-007EF              70           1
        SFR16            00800-0086F              70           1
        SFR17            00880-008EF              70           1
        SFR18            00900-0096F              70           1
        SFR19            00980-009EF              70           1
        SFR2             00100-0011F              20           1
        SFR20            00A00-00A6F              70           1
        SFR21            00A80-00AEF              70           1
        SFR22            00B00-00B6F              70           1
        SFR23            00B80-00BEF              70           1
        SFR24            00C00-00C6F              70           1
        SFR25            00C80-00CEF              70           1
        SFR26            00D00-00D6F              70           1
        SFR27            00D80-00DEF              70           1
        SFR28            00E00-00E6F              70           1
        SFR29            00E80-00EEF              70           1
        SFR3             00180-0019F              20           1
        SFR30            00F00-00F6F              70           1
        SFR31            00F80-00FEF              70           1
        SFR32            01000-0106F              70           1
        SFR33            01080-010EF              70           1
        SFR34            01100-0116F              70           1
        SFR35            01180-011EF              70           1
        SFR36            01200-0126F              70           1
        SFR37            01280-012EF              70           1
        SFR38            01300-0136F              70           1
        SFR39            01380-013EF              70           1
        SFR4             00200-0021F              20           1
        SFR40            01400-0146F              70           1
        SFR41            01480-014EF              70           1
        SFR42            01500-0156F              70           1
        SFR43            01580-015EF              70           1
        SFR44            01600-0166F              70           1
        SFR45            01680-016EF              70           1
        SFR46            01700-0176F              70           1
        SFR47            01780-017EF              70           1
        SFR48            01800-0186F              70           1
        SFR49            01880-018EF              70           1
        SFR5             00280-0029F              20           1
        SFR50            01900-0196F              70           1
        SFR51            01980-019EF              70           1
        SFR52            01A00-01A6F              70           1
        SFR53            01A80-01AEF              70           1
        SFR54            01B00-01B6F              70           1
        SFR55            01B80-01BEF              70           1
        SFR56            01C00-01C6F              70           1
        SFR57            01C80-01CEF              70           1
        SFR58            01D00-01D6F              70           1
        SFR59            01D80-01DEF              70           1
        SFR6             00300-0031F              20           1
        SFR60            01E00-01E6F              70           1
        SFR61            01E80-01EEF              70           1
        SFR62            01F00-01F6F              70           1
        SFR63            01F80-01FEF              70           1
        SFR7             00380-0039F              20           1
        SFR8             00400-0041F              20           1
        SFR9             00480-0049F              20           1
        STRCODE          00002-00003               2           2
                         002B7-01FFF            1D49
        STRING           00002-00003               2           2
                         002B7-01FFF             100

                                  Symbol Table

?_printf                                             cstackBANK0  0005A
?_strlen                                             cstackCOMMON 00070
?_vfprintf                                           cstackBANK0  00055
EUSART1_FramingErrorCallbackRegister@callbackHandler cstackCOMMON 00070
EUSART1_OverrunErrorCallbackRegister@callbackHandler cstackCOMMON 00070
EUSART1_Write@txData                                 cstackCOMMON 00070
INT_SetInterruptHandler@InterruptHandler             cstackCOMMON 00070
SW0_SetInterruptHandler@InterruptHandler             cstackCOMMON 00070
_ANSELA                                              (abs)        01E8C
_ANSELB                                              (abs)        01E96
_ANSELC                                              (abs)        01EA0
_BAUD1CON                                            (abs)        00712
_BAUD1CONbits                                        (abs)        00712
_CLOCK_Initialize                                    text19       00292
_EUSART1_AutoBaudQuery                               (abs)        00000
_EUSART1_AutoBaudSet                                 (abs)        00000
_EUSART1_DefaultFramingErrorCallback                 (abs)        00000
_EUSART1_DefaultOverrunErrorCallback                 (abs)        00000
_EUSART1_Deinitialize                                (abs)        00000
_EUSART1_ErrorGet                                    (abs)        00000
_EUSART1_FramingErrorCallbackRegister                text18       00272
_EUSART1_FramingErrorHandler                         bssBANK0     00046
_EUSART1_Initialize                                  text16       001B6
_EUSART1_IsRxReady                                   (abs)        00000
_EUSART1_IsTxDone                                    (abs)        00000
_EUSART1_IsTxReady                                   text9        0023B
_EUSART1_IsTxReady$709                               cstackCOMMON 00070
_EUSART1_OverrunErrorCallbackRegister                text17       00266
_EUSART1_OverrunErrorHandler                         bssBANK0     00044
_EUSART1_Read                                        (abs)        00000
_EUSART1_TransmitDisable                             (abs)        00000
_EUSART1_TransmitEnable                              (abs)        00000
_EUSART1_Write                                       text8        002B2
_INLVLA                                              (abs)        01E90
_INLVLB                                              (abs)        01E9A
_INLVLC                                              (abs)        01EA4
_INTCONbits                                          (abs)        0000B
_INTERRUPT_Initialize                                text14       0027E
_INTERRUPT_InterruptManager                          intentry     00004
_INT_DefaultInterruptHandler                         (abs)        00000
_INT_InterruptHandler                                bssBANK0     0004A
_INT_SetInterruptHandler                             text15       002AC
_IOCAF                                               (abs)        01E93
_IOCAN                                               (abs)        01E92
_IOCAP                                               (abs)        01E91
_IOCBF                                               (abs)        01E9D
_IOCBN                                               (abs)        01E9C
_IOCBP                                               (abs)        01E9B
_IOCCF                                               (abs)        01EA7
_IOCCFbits                                           (abs)        01EA7
_IOCCN                                               (abs)        01EA6
_IOCCP                                               (abs)        01EA5
_LATA                                                (abs)        00018
_LATB                                                (abs)        00019
_LATC                                                (abs)        0001A
_ODCONA                                              (abs)        01E8E
_ODCONB                                              (abs)        01E98
_ODCONC                                              (abs)        01EA2
_OSCCON1                                             (abs)        0028D
_OSCCON3                                             (abs)        0028F
_OSCEN                                               (abs)        00291
_OSCFRQ                                              (abs)        00293
_OSCTUNE                                             (abs)        00292
_PIE0bits                                            (abs)        00096
_PIN_MANAGER_IOC                                     text21       00289
_PIN_MANAGER_Initialize                              text12       000D5
_PIR0bits                                            (abs)        0008C
_PIR4bits                                            (abs)        00090
_RC1REG                                              (abs)        0070C
_RC1STA                                              (abs)        00710
_RC1STAbits                                          (abs)        00710
_RC4PPS                                              (abs)        01DA0
_RX1PPS                                              (abs)        01E42
_SLRCONA                                             (abs)        01E8F
_SLRCONB                                             (abs)        01E99
_SLRCONC                                             (abs)        01EA3
_SP1BRGH                                             (abs)        0070F
_SP1BRGL                                             (abs)        0070E
_SW0_DefaultInterruptHandler                         text23       002B6
_SW0_ISR                                             text22       0024A
_SW0_InterruptHandler                                nvBANK0      0005F
_SW0_SetInterruptHandler                             text13       002A6
_SYSTEM_Initialize                                   text10       0021C
_T0CON0                                              (abs)        0019E
_T0CON0bits                                          (abs)        0019E
_T0CON1                                              (abs)        0019F
_TMR0H                                               (abs)        0019D
_TMR0L                                               (abs)        0019C
_TMR0_DefaultCallback                                (abs)        00000
_TMR0_Initialize                                     text11       001FB
_TMR0_PeriodMatchCallback                            nvBANK0      0005D
_TRISA                                               (abs)        00012
_TRISB                                               (abs)        00013
_TRISC                                               (abs)        00014
_TX1REG                                              (abs)        0070D
_TX1STA                                              (abs)        00711
_TX1STAbits                                          (abs)        00711
_WPUA                                                (abs)        01E8D
_WPUB                                                (abs)        01E97
_WPUC                                                (abs)        01EA1
__H__absolute__                                      __absolute__ 00000
__Habs1                                              abs1         00000
__Hbank0                                             bank0        00000
__Hbank1                                             bank1        00000
__Hbank10                                            bank10       00000
__Hbank11                                            bank11       00000
__Hbank12                                            bank12       00000
__Hbank13                                            bank13       00000
__Hbank14                                            bank14       00000
__Hbank15                                            bank15       00000
__Hbank16                                            bank16       00000
__Hbank17                                            bank17       00000
__Hbank18                                            bank18       00000
__Hbank19                                            bank19       00000
__Hbank2                                             bank2        00000
__Hbank20                                            bank20       00000
__Hbank21                                            bank21       00000
__Hbank22                                            bank22       00000
__Hbank23                                            bank23       00000
__Hbank24                                            bank24       00000
__Hbank25                                            bank25       00000
__Hbank26                                            bank26       00000
__Hbank27                                            bank27       00000
__Hbank28                                            bank28       00000
__Hbank29                                            bank29       00000
__Hbank3                                             bank3        00000
__Hbank30                                            bank30       00000
__Hbank31                                            bank31       00000
__Hbank32                                            bank32       00000
__Hbank33                                            bank33       00000
__Hbank34                                            bank34       00000
__Hbank35                                            bank35       00000
__Hbank36                                            bank36       00000
__Hbank37                                            bank37       00000
__Hbank38                                            bank38       00000
__Hbank39                                            bank39       00000
__Hbank4                                             bank4        00000
__Hbank40                                            bank40       00000
__Hbank41                                            bank41       00000
__Hbank42                                            bank42       00000
__Hbank43                                            bank43       00000
__Hbank44                                            bank44       00000
__Hbank45                                            bank45       00000
__Hbank46                                            bank46       00000
__Hbank47                                            bank47       00000
__Hbank48                                            bank48       00000
__Hbank49                                            bank49       00000
__Hbank5                                             bank5        00000
__Hbank50                                            bank50       00000
__Hbank51                                            bank51       00000
__Hbank52                                            bank52       00000
__Hbank53                                            bank53       00000
__Hbank54                                            bank54       00000
__Hbank55                                            bank55       00000
__Hbank56                                            bank56       00000
__Hbank57                                            bank57       00000
__Hbank58                                            bank58       00000
__Hbank59                                            bank59       00000
__Hbank6                                             bank6        00000
__Hbank60                                            bank60       00000
__Hbank61                                            bank61       00000
__Hbank62                                            bank62       00000
__Hbank63                                            bank63       00000
__Hbank7                                             bank7        00000
__Hbank8                                             bank8        00000
__Hbank9                                             bank9        00000
__Hbigram                                            bigram       00000
__HbssBANK0                                          bssBANK0     00000
__Hcinit                                             cinit        00032
__Hclrtext                                           clrtext      00000
__Hcode                                              code         00000
__Hcommon                                            common       00000
__Hconfig                                            config       0800C
__HcstackBANK0                                       cstackBANK0  00000
__HcstackCOMMON                                      cstackCOMMON 00000
__HdataBANK1                                         dataBANK1    00000
__Heeprom_data                                       eeprom_data  00000
__Hend_init                                          end_init     0001A
__Hfunctab                                           functab      00000
__Hheap                                              heap         00000
__HidataBANK1                                        idataBANK1   00000
__Hinit                                              init         00018
__Hinittext                                          inittext     00000
__Hintentry                                          intentry     00018
__Hmaintext                                          maintext     00000
__HnvBANK0                                           nvBANK0      00000
__Hpowerup                                           powerup      00000
__Hram                                               ram          00000
__Hreset_vec                                         reset_vec    00002
__Hsfr0                                              sfr0         00000
__Hsfr1                                              sfr1         00000
__Hsfr10                                             sfr10        00000
__Hsfr11                                             sfr11        00000
__Hsfr12                                             sfr12        00000
__Hsfr13                                             sfr13        00000
__Hsfr14                                             sfr14        00000
__Hsfr15                                             sfr15        00000
__Hsfr16                                             sfr16        00000
__Hsfr17                                             sfr17        00000
__Hsfr18                                             sfr18        00000
__Hsfr19                                             sfr19        00000
__Hsfr2                                              sfr2         00000
__Hsfr20                                             sfr20        00000
__Hsfr21                                             sfr21        00000
__Hsfr22                                             sfr22        00000
__Hsfr23                                             sfr23        00000
__Hsfr24                                             sfr24        00000
__Hsfr25                                             sfr25        00000
__Hsfr26                                             sfr26        00000
__Hsfr27                                             sfr27        00000
__Hsfr28                                             sfr28        00000
__Hsfr29                                             sfr29        00000
__Hsfr3                                              sfr3         00000
__Hsfr30                                             sfr30        00000
__Hsfr31                                             sfr31        00000
__Hsfr32                                             sfr32        00000
__Hsfr33                                             sfr33        00000
__Hsfr34                                             sfr34        00000
__Hsfr35                                             sfr35        00000
__Hsfr36                                             sfr36        00000
__Hsfr37                                             sfr37        00000
__Hsfr38                                             sfr38        00000
__Hsfr39                                             sfr39        00000
__Hsfr4                                              sfr4         00000
__Hsfr40                                             sfr40        00000
__Hsfr41                                             sfr41        00000
__Hsfr42                                             sfr42        00000
__Hsfr43                                             sfr43        00000
__Hsfr44                                             sfr44        00000
__Hsfr45                                             sfr45        00000
__Hsfr46                                             sfr46        00000
__Hsfr47                                             sfr47        00000
__Hsfr48                                             sfr48        00000
__Hsfr49                                             sfr49        00000
__Hsfr5                                              sfr5         00000
__Hsfr50                                             sfr50        00000
__Hsfr51                                             sfr51        00000
__Hsfr52                                             sfr52        00000
__Hsfr53                                             sfr53        00000
__Hsfr54                                             sfr54        00000
__Hsfr55                                             sfr55        00000
__Hsfr56                                             sfr56        00000
__Hsfr57                                             sfr57        00000
__Hsfr58                                             sfr58        00000
__Hsfr59                                             sfr59        00000
__Hsfr6                                              sfr6         00000
__Hsfr60                                             sfr60        00000
__Hsfr61                                             sfr61        00000
__Hsfr62                                             sfr62        00000
__Hsfr63                                             sfr63        00000
__Hsfr7                                              sfr7         00000
__Hsfr8                                              sfr8         00000
__Hsfr9                                              sfr9         00000
__Hsivt                                              sivt         00018
__Hspace_0                                           (abs)        002B7
__Hspace_1                                           (abs)        000D2
__Hspace_2                                           (abs)        00000
__Hspace_3                                           (abs)        00000
__Hspace_4                                           (abs)        10013
__Hstack                                             stack        00000
__Hstrings                                           strings      00000
__Hstringtext1                                       stringtext1  00000
__Hstringtext2                                       stringtext2  00000
__Hstringtext3                                       stringtext3  00000
__Htext                                              text         00000
__L__absolute__                                      __absolute__ 00000
__Labs1                                              abs1         00000
__Lbank0                                             bank0        00000
__Lbank1                                             bank1        00000
__Lbank10                                            bank10       00000
__Lbank11                                            bank11       00000
__Lbank12                                            bank12       00000
__Lbank13                                            bank13       00000
__Lbank14                                            bank14       00000
__Lbank15                                            bank15       00000
__Lbank16                                            bank16       00000
__Lbank17                                            bank17       00000
__Lbank18                                            bank18       00000
__Lbank19                                            bank19       00000
__Lbank2                                             bank2        00000
__Lbank20                                            bank20       00000
__Lbank21                                            bank21       00000
__Lbank22                                            bank22       00000
__Lbank23                                            bank23       00000
__Lbank24                                            bank24       00000
__Lbank25                                            bank25       00000
__Lbank26                                            bank26       00000
__Lbank27                                            bank27       00000
__Lbank28                                            bank28       00000
__Lbank29                                            bank29       00000
__Lbank3                                             bank3        00000
__Lbank30                                            bank30       00000
__Lbank31                                            bank31       00000
__Lbank32                                            bank32       00000
__Lbank33                                            bank33       00000
__Lbank34                                            bank34       00000
__Lbank35                                            bank35       00000
__Lbank36                                            bank36       00000
__Lbank37                                            bank37       00000
__Lbank38                                            bank38       00000
__Lbank39                                            bank39       00000
__Lbank4                                             bank4        00000
__Lbank40                                            bank40       00000
__Lbank41                                            bank41       00000
__Lbank42                                            bank42       00000
__Lbank43                                            bank43       00000
__Lbank44                                            bank44       00000
__Lbank45                                            bank45       00000
__Lbank46                                            bank46       00000
__Lbank47                                            bank47       00000
__Lbank48                                            bank48       00000
__Lbank49                                            bank49       00000
__Lbank5                                             bank5        00000
__Lbank50                                            bank50       00000
__Lbank51                                            bank51       00000
__Lbank52                                            bank52       00000
__Lbank53                                            bank53       00000
__Lbank54                                            bank54       00000
__Lbank55                                            bank55       00000
__Lbank56                                            bank56       00000
__Lbank57                                            bank57       00000
__Lbank58                                            bank58       00000
__Lbank59                                            bank59       00000
__Lbank6                                             bank6        00000
__Lbank60                                            bank60       00000
__Lbank61                                            bank61       00000
__Lbank62                                            bank62       00000
__Lbank63                                            bank63       00000
__Lbank7                                             bank7        00000
__Lbank8                                             bank8        00000
__Lbank9                                             bank9        00000
__Lbigram                                            bigram       00000
__LbssBANK0                                          bssBANK0     00000
__Lcinit                                             cinit        0001A
__Lclrtext                                           clrtext      00000
__Lcode                                              code         00000
__Lcommon                                            common       00000
__Lconfig                                            config       00000
__LcstackBANK0                                       cstackBANK0  00000
__LcstackCOMMON                                      cstackCOMMON 00000
__LdataBANK1                                         dataBANK1    00000
__Leeprom_data                                       eeprom_data  00000
__Lend_init                                          end_init     00018
__Lfunctab                                           functab      00000
__Lheap                                              heap         00000
__LidataBANK1                                        idataBANK1   00000
__Linit                                              init         00018
__Linittext                                          inittext     00000
__Lintentry                                          intentry     00004
__Lmaintext                                          maintext     00000
__LnvBANK0                                           nvBANK0      00000
__Lpowerup                                           powerup      00000
__Lram                                               ram          00000
__Lreset_vec                                         reset_vec    00000
__Lsfr0                                              sfr0         00000
__Lsfr1                                              sfr1         00000
__Lsfr10                                             sfr10        00000
__Lsfr11                                             sfr11        00000
__Lsfr12                                             sfr12        00000
__Lsfr13                                             sfr13        00000
__Lsfr14                                             sfr14        00000
__Lsfr15                                             sfr15        00000
__Lsfr16                                             sfr16        00000
__Lsfr17                                             sfr17        00000
__Lsfr18                                             sfr18        00000
__Lsfr19                                             sfr19        00000
__Lsfr2                                              sfr2         00000
__Lsfr20                                             sfr20        00000
__Lsfr21                                             sfr21        00000
__Lsfr22                                             sfr22        00000
__Lsfr23                                             sfr23        00000
__Lsfr24                                             sfr24        00000
__Lsfr25                                             sfr25        00000
__Lsfr26                                             sfr26        00000
__Lsfr27                                             sfr27        00000
__Lsfr28                                             sfr28        00000
__Lsfr29                                             sfr29        00000
__Lsfr3                                              sfr3         00000
__Lsfr30                                             sfr30        00000
__Lsfr31                                             sfr31        00000
__Lsfr32                                             sfr32        00000
__Lsfr33                                             sfr33        00000
__Lsfr34                                             sfr34        00000
__Lsfr35                                             sfr35        00000
__Lsfr36                                             sfr36        00000
__Lsfr37                                             sfr37        00000
__Lsfr38                                             sfr38        00000
__Lsfr39                                             sfr39        00000
__Lsfr4                                              sfr4         00000
__Lsfr40                                             sfr40        00000
__Lsfr41                                             sfr41        00000
__Lsfr42                                             sfr42        00000
__Lsfr43                                             sfr43        00000
__Lsfr44                                             sfr44        00000
__Lsfr45                                             sfr45        00000
__Lsfr46                                             sfr46        00000
__Lsfr47                                             sfr47        00000
__Lsfr48                                             sfr48        00000
__Lsfr49                                             sfr49        00000
__Lsfr5                                              sfr5         00000
__Lsfr50                                             sfr50        00000
__Lsfr51                                             sfr51        00000
__Lsfr52                                             sfr52        00000
__Lsfr53                                             sfr53        00000
__Lsfr54                                             sfr54        00000
__Lsfr55                                             sfr55        00000
__Lsfr56                                             sfr56        00000
__Lsfr57                                             sfr57        00000
__Lsfr58                                             sfr58        00000
__Lsfr59                                             sfr59        00000
__Lsfr6                                              sfr6         00000
__Lsfr60                                             sfr60        00000
__Lsfr61                                             sfr61        00000
__Lsfr62                                             sfr62        00000
__Lsfr63                                             sfr63        00000
__Lsfr7                                              sfr7         00000
__Lsfr8                                              sfr8         00000
__Lsfr9                                              sfr9         00000
__Lsivt                                              sivt         00018
__Lspace_0                                           (abs)        00000
__Lspace_1                                           (abs)        00000
__Lspace_2                                           (abs)        00000
__Lspace_3                                           (abs)        00000
__Lspace_4                                           (abs)        00000
__Lstack                                             stack        00000
__Lstrings                                           strings      00000
__Lstringtext1                                       stringtext1  00000
__Lstringtext2                                       stringtext2  00000
__Lstringtext3                                       stringtext3  00000
__Ltext                                              text         00000
__S0                                                 (abs)        002B7
__S1                                                 (abs)        000D2
___heap_hi                                           (abs)        00000
___heap_lo                                           (abs)        00000
___int_sp                                            stack        00000
___int_stack_hi                                      stack        00000
___int_stack_lo                                      stack        00000
___latbits                                           (abs)        00002
___sp                                                stack        00000
___stack_hi                                          stack        00000
___stack_lo                                          stack        00000
___stackhi                                           (abs)        00000
___stacklo                                           (abs)        00000
__end_of_CLOCK_Initialize                            text19       0029A
__end_of_EUSART1_FramingErrorCallbackRegister        text18       0027E
__end_of_EUSART1_Initialize                          text16       001D2
__end_of_EUSART1_IsTxReady                           text9        0024A
__end_of_EUSART1_OverrunErrorCallbackRegister        text17       00272
__end_of_EUSART1_Write                               text8        002B6
__end_of_INTERRUPT_Initialize                        text14       00289
__end_of_INTERRUPT_InterruptManager                  intentry     00018
__end_of_INT_SetInterruptHandler                     text15       002B2
__end_of_PIN_MANAGER_IOC                             text21       00292
__end_of_PIN_MANAGER_Initialize                      text12       00115
__end_of_SW0_DefaultInterruptHandler                 text23       002B7
__end_of_SW0_ISR                                     text22       00259
__end_of_SW0_SetInterruptHandler                     text13       002AC
__end_of_SYSTEM_Initialize                           text10       0022C
__end_of_TMR0_Initialize                             text11       0020C
__end_of_UART1                                       stringtext1  00177
__end_of__initialization                             cinit        0002E
__end_of_fputc                                       text6        0008E
__end_of_main                                        maintext     001E7
__end_of_printf                                      text3        0021C
__end_of_putch                                       text7        0023B
__end_of_strlen                                      text2        001FB
__end_of_uartString                                  text1        00197
__end_of_vfpfcnvrt                                   text5        000D5
__end_of_vfprintf                                    text4        001B6
__initialization                                     cinit        0001A
__pbssBANK0                                          bssBANK0     00020
__pcstackBANK0                                       cstackBANK0  0004D
__pcstackCOMMON                                      cstackCOMMON 00070
__pdataBANK1                                         dataBANK1    000A0
__pidataBANK1                                        idataBANK1   00115
__pintentry                                          intentry     00004
__pmaintext                                          maintext     001D2
__pnvBANK0                                           nvBANK0      0005D
__pstringtext1                                       stringtext1  00147
__pstringtext2                                       stringtext2  00259
__pstringtext3                                       stringtext3  00000
__ptext1                                             text1        00177
__ptext10                                            text10       0021C
__ptext11                                            text11       001FB
__ptext12                                            text12       000D5
__ptext13                                            text13       002A6
__ptext14                                            text14       0027E
__ptext15                                            text15       002AC
__ptext16                                            text16       001B6
__ptext17                                            text17       00266
__ptext18                                            text18       00272
__ptext19                                            text19       00292
__ptext2                                             text2        001E7
__ptext21                                            text21       00289
__ptext22                                            text22       0024A
__ptext23                                            text23       002B6
__ptext3                                             text3        0020C
__ptext4                                             text4        00197
__ptext5                                             text5        0008E
__ptext6                                             text6        00032
__ptext7                                             text7        0022C
__ptext8                                             text8        002B2
__ptext9                                             text9        0023B
_eusart1RxLastError                                  bssBANK0     00048
_flags                                               bssBANK0     0004C
_fputc                                               text6        00032
_main                                                maintext     001D2
_msg                                                 dataBANK1    000A0
_prec                                                bssBANK0     00042
_printf                                              text3        0020C
_putch                                               text7        0022C
_strlen                                              text2        001E7
_uartString                                          text1        00177
_vfpfcnvrt                                           text5        0008E
_vfprintf                                            text4        00197
_width                                               bssBANK0     00040
btemp                                                (abs)        0007E
btemp0                                               (abs)        0007E
btemp1                                               (abs)        0007F
clear_ram0                                           clrtext      002A0
end_of_initialization                                cinit        0002E
fputc@c                                              cstackCOMMON 00072
fputc@fp                                             cstackCOMMON 00074
init_ram                                             inittext     0029A
int$flags                                            (abs)        0007E
intlevel0                                            functab      00000
intlevel1                                            functab      00000
intlevel2                                            functab      00000
intlevel3                                            functab      00000
intlevel4                                            functab      00000
intlevel5                                            functab      00000
ltemp0a                                              (abs)        00080
printf@ap                                            cstackBANK0  0005C
printf@fmt                                           cstackBANK0  0005A
putch@txData                                         cstackCOMMON 00071
reset_vec                                            reset_vec    00000
start                                                init         00018
start_initialization                                 cinit        0001A
strlen@a                                             cstackCOMMON 00072
strlen@s                                             cstackCOMMON 00070
ttemp0a                                              (abs)        0007F
uartString@data                                      cstackCOMMON 00073
uartString@i                                         cstackCOMMON 00074
vfpfcnvrt@ap                                         cstackBANK0  00050
vfpfcnvrt@fmt                                        cstackBANK0  0004F
vfpfcnvrt@fp                                         cstackBANK0  0004D
vfprintf@ap                                          cstackBANK0  00059
vfprintf@cfmt                                        cstackCOMMON 0007C
vfprintf@fmt                                         cstackBANK0  00057
vfprintf@fp                                          cstackBANK0  00055
wtemp0                                               (abs)        0007E
wtemp0a                                              (abs)        0007F


MODULE INFORMATION

Module		Function		Class		Link	Load	Size
mcc_generated_files/system/src/interrupt.c
		_INT_SetInterruptHandler		CODE           	02AC	0000	6
		_INTERRUPT_Initialize		CODE           	027E	0000	11
		_INTERRUPT_InterruptManager		CODE           	0004	0000	20

mcc_generated_files/system/src/interrupt.c estimated size: 37

C:\Program Files\Microchip\xc8\v3.10\pic\sources\c99\common\printf.c
		_printf        		CODE           	020C	0000	16

C:\Program Files\Microchip\xc8\v3.10\pic\sources\c99\common\printf.c estimated size: 16

mcc_generated_files/system/src/pins.c
		_SW0_SetInterruptHandler		CODE           	02A6	0000	6
		_PIN_MANAGER_Initialize		CODE           	00D5	0000	64
		_SW0_ISR       		CODE           	024A	0000	15
		_PIN_MANAGER_IOC		CODE           	0289	0000	9
		_SW0_DefaultInterruptHandler		CODE           	02B6	0000	1

mcc_generated_files/system/src/pins.c estimated size: 95

shared
		__initialization		CODE           	001A	0000	20
		_UART1         		STRCODE        	0000	0000	0

shared estimated size: 20

C:\Program Files\Microchip\xc8\v3.10\pic\sources\c99\common\strlen.c
		_strlen        		CODE           	01E7	0000	20

C:\Program Files\Microchip\xc8\v3.10\pic\sources\c99\common\strlen.c estimated size: 20

C:\Program Files\Microchip\xc8\v3.10\pic\sources\c99\common\nf_fputc.c
		_fputc         		CODE           	0032	0000	92

C:\Program Files\Microchip\xc8\v3.10\pic\sources\c99\common\nf_fputc.c estimated size: 92

mcc_generated_files/system/src/clock.c
		_CLOCK_Initialize		CODE           	0292	0000	8

mcc_generated_files/system/src/clock.c estimated size: 8

mcc_generated_files/timer/src/tmr0.c
		_TMR0_Initialize		CODE           	01FB	0000	17

mcc_generated_files/timer/src/tmr0.c estimated size: 17

C:\Program Files\Microchip\xc8\v3.10\pic\sources\c99\common\doprnt.c
		_vfpfcnvrt     		CODE           	008E	0000	71
		_vfprintf      		CODE           	0197	0000	31

C:\Program Files\Microchip\xc8\v3.10\pic\sources\c99\common\doprnt.c estimated size: 102

main.c
		_main          		CODE           	01D2	0000	21
		_uartString    		CODE           	0177	0000	32

main.c estimated size: 53

mcc_generated_files/uart/src/eusart1.c
		_EUSART1_Initialize		CODE           	01B6	0000	28
		_putch         		CODE           	022C	0000	15
		_EUSART1_Write 		CODE           	02B2	0000	4
		_EUSART1_FramingErrorCallbackRegister		CODE           	0272	0000	12
		_EUSART1_IsTxReady		CODE           	023B	0000	15
		_EUSART1_OverrunErrorCallbackRegister		CODE           	0266	0000	12

mcc_generated_files/uart/src/eusart1.c estimated size: 86

mcc_generated_files/system/src/system.c
		_SYSTEM_Initialize		CODE           	021C	0000	16

mcc_generated_files/system/src/system.c estimated size: 16

